// Jest Snapshot v1, https://goo.gl/fbAQLP

exports[`eval recognizes correct order 1`] = `
"\`\`\`typescript
let a = 1;
a // === 1
\`\`\`

\`\`\`typescript
a = 2;
a // === 2
\`\`\`

\`\`\`typescript
a = 3;
a // === 3
\`\`\`
"
`;
